// Jest Snapshot v1, https://goo.gl/fbAQLP

exports[`toLockfile should convert lockfile 1`] = `
"[root]
name = \\"project\\"
dependencies = [
  \\"a 1.2.3\\",
]

[[packages]]
name = \\"a\\"
version = \\"1.2.3\\"
source = \\"registry+...#...\\"
dependencies = [
  \\"d 0.0.0\\",
]

[[packages]]
name = \\"b\\"
version = \\"4.5.6\\"
source = \\"path+...\\"

[[packages]]
name = \\"c\\"
version = \\"7.8.9\\"
source = \\"git+...#rev\\"

[[packages]]
name = \\"d\\"
version = \\"0.0.0\\"
source = \\"registry+...#...\\"

"
`;
